<?xml version="1.0" encoding="utf-8"?><testsuites name="pytest tests"><testsuite name="pytest" errors="0" failures="0" skipped="0" tests="2" time="35.166" timestamp="2025-09-10T17:19:10.573139-07:00" hostname="Ashamais-MacBook-Air.local"><testcase classname="tests.test_checkout" name="test_magento_checkout" time="27.553" /><testcase classname="tests.test_login.TestLogin" name="test_valid_login" time="7.396" /></testsuite></testsuites>